This is pdfTeX, Version 3.141592653-2.6-1.40.24 (TeX Live 2022) (preloaded format=pdflatex 2023.2.6)  21 OCT 2024 14:49
entering extended mode
 \write18 enabled.
 file:line:error style messages enabled.
 %&-line parsing enabled.
**Figures.tex
(./Figures.tex
LaTeX2e <2021-11-15> patch level 1
L3 programming layer <2022-02-24>
(/usr/local/texlive/2022/texmf-dist/tex/latex/base/article.cls
Document Class: article 2021/10/04 v1.4n Standard LaTeX document class
(/usr/local/texlive/2022/texmf-dist/tex/latex/base/size12.clo
File: size12.clo 2021/10/04 v1.4n Standard LaTeX file (size option)
)
\c@part=\count185
\c@section=\count186
\c@subsection=\count187
\c@subsubsection=\count188
\c@paragraph=\count189
\c@subparagraph=\count190
\c@figure=\count191
\c@table=\count192
\abovecaptionskip=\skip47
\belowcaptionskip=\skip48
\bibindent=\dimen138
)
(/usr/local/texlive/2022/texmf-dist/tex/latex/a4wide/a4wide.sty
Package: a4wide 1994/08/30

(/usr/local/texlive/2022/texmf-dist/tex/latex/ntgclass/a4.sty
Package: a4 2020/02/18 v1.2g A4 based page layout
))
(/usr/local/texlive/2022/texmf-dist/tex/latex/graphics/graphicx.sty
Package: graphicx 2021/09/16 v1.2d Enhanced LaTeX Graphics (DPC,SPQR)

(/usr/local/texlive/2022/texmf-dist/tex/latex/graphics/keyval.sty
Package: keyval 2014/10/28 v1.15 key=value parser (DPC)
\KV@toks@=\toks16
)
(/usr/local/texlive/2022/texmf-dist/tex/latex/graphics/graphics.sty
Package: graphics 2021/03/04 v1.4d Standard LaTeX Graphics (DPC,SPQR)

(/usr/local/texlive/2022/texmf-dist/tex/latex/graphics/trig.sty
Package: trig 2021/08/11 v1.11 sin cos tan (DPC)
)
(/usr/local/texlive/2022/texmf-dist/tex/latex/graphics-cfg/graphics.cfg
File: graphics.cfg 2016/06/04 v1.11 sample graphics configuration
)
Package graphics Info: Driver file: pdftex.def on input line 107.

(/usr/local/texlive/2022/texmf-dist/tex/latex/graphics-def/pdftex.def
File: pdftex.def 2020/10/05 v1.2a Graphics/color driver for pdftex
))
\Gin@req@height=\dimen139
\Gin@req@width=\dimen140
)
(/usr/local/texlive/2022/texmf-dist/tex/latex/amsmath/amsmath.sty
Package: amsmath 2021/10/15 v2.17l AMS math features
\@mathmargin=\skip49

For additional information on amsmath, use the `?' option.
(/usr/local/texlive/2022/texmf-dist/tex/latex/amsmath/amstext.sty
Package: amstext 2021/08/26 v2.01 AMS text

(/usr/local/texlive/2022/texmf-dist/tex/latex/amsmath/amsgen.sty
File: amsgen.sty 1999/11/30 v2.0 generic functions
\@emptytoks=\toks17
\ex@=\dimen141
))
(/usr/local/texlive/2022/texmf-dist/tex/latex/amsmath/amsbsy.sty
Package: amsbsy 1999/11/29 v1.2d Bold Symbols
\pmbraise@=\dimen142
)
(/usr/local/texlive/2022/texmf-dist/tex/latex/amsmath/amsopn.sty
Package: amsopn 2021/08/26 v2.02 operator names
)
\inf@bad=\count193
LaTeX Info: Redefining \frac on input line 234.
\uproot@=\count194
\leftroot@=\count195
LaTeX Info: Redefining \overline on input line 399.
\classnum@=\count196
\DOTSCASE@=\count197
LaTeX Info: Redefining \ldots on input line 496.
LaTeX Info: Redefining \dots on input line 499.
LaTeX Info: Redefining \cdots on input line 620.
\Mathstrutbox@=\box50
\strutbox@=\box51
\big@size=\dimen143
LaTeX Font Info:    Redeclaring font encoding OML on input line 743.
LaTeX Font Info:    Redeclaring font encoding OMS on input line 744.
\macc@depth=\count198
\c@MaxMatrixCols=\count199
\dotsspace@=\muskip16
\c@parentequation=\count266
\dspbrk@lvl=\count267
\tag@help=\toks18
\row@=\count268
\column@=\count269
\maxfields@=\count270
\andhelp@=\toks19
\eqnshift@=\dimen144
\alignsep@=\dimen145
\tagshift@=\dimen146
\tagwidth@=\dimen147
\totwidth@=\dimen148
\lineht@=\dimen149
\@envbody=\toks20
\multlinegap=\skip50
\multlinetaggap=\skip51
\mathdisplay@stack=\toks21
LaTeX Info: Redefining \[ on input line 2938.
LaTeX Info: Redefining \] on input line 2939.
)
(/usr/local/texlive/2022/texmf-dist/tex/latex/amsfonts/amssymb.sty
Package: amssymb 2013/01/14 v3.01 AMS font symbols

(/usr/local/texlive/2022/texmf-dist/tex/latex/amsfonts/amsfonts.sty
Package: amsfonts 2013/01/14 v3.01 Basic AMSFonts support
\symAMSa=\mathgroup4
\symAMSb=\mathgroup5
LaTeX Font Info:    Redeclaring math symbol \hbar on input line 98.
LaTeX Font Info:    Overwriting math alphabet `\mathfrak' in version `bold'
(Font)                  U/euf/m/n --> U/euf/b/n on input line 106.
))
(/usr/local/texlive/2022/texmf-dist/tex/latex/url/url.sty
\Urlmuskip=\muskip17
Package: url 2013/09/16  ver 3.4  Verb mode for urls, etc.
)
(/usr/local/texlive/2022/texmf-dist/tex/latex/psfrag/psfrag.sty
Package: psfrag 1998/04/11 v3.04 PSfrag (MCG)
\pfg@pcount=\count271
\pfg@scount=\count272
\pfg@temp=\write3
)
(/usr/local/texlive/2022/texmf-dist/tex/latex/caption/subcaption.sty
Package: subcaption 2022/01/07 v1.5 Sub-captions (AR)

(/usr/local/texlive/2022/texmf-dist/tex/latex/caption/caption.sty
Package: caption 2022/03/01 v3.6b Customizing captions (AR)

(/usr/local/texlive/2022/texmf-dist/tex/latex/caption/caption3.sty
Package: caption3 2022/03/17 v2.3b caption3 kernel (AR)
\caption@tempdima=\dimen150
\captionmargin=\dimen151
\caption@leftmargin=\dimen152
\caption@rightmargin=\dimen153
\caption@width=\dimen154
\caption@indent=\dimen155
\caption@parindent=\dimen156
\caption@hangindent=\dimen157
Package caption Info: Standard document class detected.
)
\c@caption@flags=\count273
\c@continuedfloat=\count274
)
\c@subfigure=\count275
\c@subtable=\count276
)
(/usr/local/texlive/2022/texmf-dist/tex/latex/graphics/rotating.sty
Package: rotating 2016/08/11 v2.16d rotated objects in LaTeX

(/usr/local/texlive/2022/texmf-dist/tex/latex/base/ifthen.sty
Package: ifthen 2020/11/24 v1.1c Standard LaTeX ifthen package (DPC)
)
\c@r@tfl@t=\count277
\rotFPtop=\skip52
\rotFPbot=\skip53
\rot@float@box=\box52
\rot@mess@toks=\toks22
)
(/usr/local/texlive/2022/texmf-dist/tex/latex/xcolor/xcolor.sty
Package: xcolor 2021/10/31 v2.13 LaTeX color extensions (UK)

(/usr/local/texlive/2022/texmf-dist/tex/latex/graphics-cfg/color.cfg
File: color.cfg 2016/01/02 v1.6 sample color configuration
)
Package xcolor Info: Driver file: pdftex.def on input line 227.
Package xcolor Info: Model `cmy' substituted by `cmy0' on input line 1352.
Package xcolor Info: Model `hsb' substituted by `rgb' on input line 1356.
Package xcolor Info: Model `RGB' extended on input line 1368.
Package xcolor Info: Model `HTML' substituted by `rgb' on input line 1370.
Package xcolor Info: Model `Hsb' substituted by `hsb' on input line 1371.
Package xcolor Info: Model `tHsb' substituted by `hsb' on input line 1372.
Package xcolor Info: Model `HSB' substituted by `hsb' on input line 1373.
Package xcolor Info: Model `Gray' substituted by `gray' on input line 1374.
Package xcolor Info: Model `wave' substituted by `hsb' on input line 1375.
)
(/usr/local/texlive/2022/texmf-dist/tex/generic/soul/soul.sty
Package: soul 2003/11/17 v2.4 letterspacing/underlining (mf)
\SOUL@word=\toks23
\SOUL@lasttoken=\toks24
\SOUL@cmds=\toks25
\SOUL@buffer=\toks26
\SOUL@token=\toks27
\SOUL@spaceskip=\skip54
\SOUL@ttwidth=\dimen158
\SOUL@uldp=\dimen159
\SOUL@ulht=\dimen160
)
(/usr/local/texlive/2022/texmf-dist/tex/latex/pgf/frontendlayer/tikz.sty
(/usr/local/texlive/2022/texmf-dist/tex/latex/pgf/basiclayer/pgf.sty
(/usr/local/texlive/2022/texmf-dist/tex/latex/pgf/utilities/pgfrcs.sty
(/usr/local/texlive/2022/texmf-dist/tex/generic/pgf/utilities/pgfutil-common.te
x
\pgfutil@everybye=\toks28
\pgfutil@tempdima=\dimen161
\pgfutil@tempdimb=\dimen162

(/usr/local/texlive/2022/texmf-dist/tex/generic/pgf/utilities/pgfutil-common-li
sts.tex))
(/usr/local/texlive/2022/texmf-dist/tex/generic/pgf/utilities/pgfutil-latex.def
\pgfutil@abb=\box53
) (/usr/local/texlive/2022/texmf-dist/tex/generic/pgf/utilities/pgfrcs.code.tex
(/usr/local/texlive/2022/texmf-dist/tex/generic/pgf/pgf.revision.tex)
Package: pgfrcs 2021/05/15 v3.1.9a (3.1.9a)
))
Package: pgf 2021/05/15 v3.1.9a (3.1.9a)

(/usr/local/texlive/2022/texmf-dist/tex/latex/pgf/basiclayer/pgfcore.sty
(/usr/local/texlive/2022/texmf-dist/tex/latex/pgf/systemlayer/pgfsys.sty
(/usr/local/texlive/2022/texmf-dist/tex/generic/pgf/systemlayer/pgfsys.code.tex
Package: pgfsys 2021/05/15 v3.1.9a (3.1.9a)
(/usr/local/texlive/2022/texmf-dist/tex/generic/pgf/utilities/pgfkeys.code.tex
\pgfkeys@pathtoks=\toks29
\pgfkeys@temptoks=\toks30

(/usr/local/texlive/2022/texmf-dist/tex/generic/pgf/utilities/pgfkeysfiltered.c
ode.tex
\pgfkeys@tmptoks=\toks31
))
\pgf@x=\dimen163
\pgf@y=\dimen164
\pgf@xa=\dimen165
\pgf@ya=\dimen166
\pgf@xb=\dimen167
\pgf@yb=\dimen168
\pgf@xc=\dimen169
\pgf@yc=\dimen170
\pgf@xd=\dimen171
\pgf@yd=\dimen172
\w@pgf@writea=\write4
\r@pgf@reada=\read2
\c@pgf@counta=\count278
\c@pgf@countb=\count279
\c@pgf@countc=\count280
\c@pgf@countd=\count281
\t@pgf@toka=\toks32
\t@pgf@tokb=\toks33
\t@pgf@tokc=\toks34
\pgf@sys@id@count=\count282

(/usr/local/texlive/2022/texmf-dist/tex/generic/pgf/systemlayer/pgf.cfg
File: pgf.cfg 2021/05/15 v3.1.9a (3.1.9a)
)
Driver file for pgf: pgfsys-pdftex.def

(/usr/local/texlive/2022/texmf-dist/tex/generic/pgf/systemlayer/pgfsys-pdftex.d
ef
File: pgfsys-pdftex.def 2021/05/15 v3.1.9a (3.1.9a)

(/usr/local/texlive/2022/texmf-dist/tex/generic/pgf/systemlayer/pgfsys-common-p
df.def
File: pgfsys-common-pdf.def 2021/05/15 v3.1.9a (3.1.9a)
)))
(/usr/local/texlive/2022/texmf-dist/tex/generic/pgf/systemlayer/pgfsyssoftpath.
code.tex
File: pgfsyssoftpath.code.tex 2021/05/15 v3.1.9a (3.1.9a)
\pgfsyssoftpath@smallbuffer@items=\count283
\pgfsyssoftpath@bigbuffer@items=\count284
)
(/usr/local/texlive/2022/texmf-dist/tex/generic/pgf/systemlayer/pgfsysprotocol.
code.tex
File: pgfsysprotocol.code.tex 2021/05/15 v3.1.9a (3.1.9a)
))
(/usr/local/texlive/2022/texmf-dist/tex/generic/pgf/basiclayer/pgfcore.code.tex
Package: pgfcore 2021/05/15 v3.1.9a (3.1.9a)
(/usr/local/texlive/2022/texmf-dist/tex/generic/pgf/math/pgfmath.code.tex
(/usr/local/texlive/2022/texmf-dist/tex/generic/pgf/math/pgfmathcalc.code.tex
(/usr/local/texlive/2022/texmf-dist/tex/generic/pgf/math/pgfmathutil.code.tex)
(/usr/local/texlive/2022/texmf-dist/tex/generic/pgf/math/pgfmathparser.code.tex
\pgfmath@dimen=\dimen173
\pgfmath@count=\count285
\pgfmath@box=\box54
\pgfmath@toks=\toks35
\pgfmath@stack@operand=\toks36
\pgfmath@stack@operation=\toks37
)
(/usr/local/texlive/2022/texmf-dist/tex/generic/pgf/math/pgfmathfunctions.code.
tex
(/usr/local/texlive/2022/texmf-dist/tex/generic/pgf/math/pgfmathfunctions.basic
.code.tex)
(/usr/local/texlive/2022/texmf-dist/tex/generic/pgf/math/pgfmathfunctions.trigo
nometric.code.tex)
(/usr/local/texlive/2022/texmf-dist/tex/generic/pgf/math/pgfmathfunctions.rando
m.code.tex)
(/usr/local/texlive/2022/texmf-dist/tex/generic/pgf/math/pgfmathfunctions.compa
rison.code.tex)
(/usr/local/texlive/2022/texmf-dist/tex/generic/pgf/math/pgfmathfunctions.base.
code.tex)
(/usr/local/texlive/2022/texmf-dist/tex/generic/pgf/math/pgfmathfunctions.round
.code.tex)
(/usr/local/texlive/2022/texmf-dist/tex/generic/pgf/math/pgfmathfunctions.misc.
code.tex)
(/usr/local/texlive/2022/texmf-dist/tex/generic/pgf/math/pgfmathfunctions.integ
erarithmetics.code.tex)))
(/usr/local/texlive/2022/texmf-dist/tex/generic/pgf/math/pgfmathfloat.code.tex
\c@pgfmathroundto@lastzeros=\count286
)) (/usr/local/texlive/2022/texmf-dist/tex/generic/pgf/math/pgfint.code.tex)
(/usr/local/texlive/2022/texmf-dist/tex/generic/pgf/basiclayer/pgfcorepoints.co
de.tex
File: pgfcorepoints.code.tex 2021/05/15 v3.1.9a (3.1.9a)
\pgf@picminx=\dimen174
\pgf@picmaxx=\dimen175
\pgf@picminy=\dimen176
\pgf@picmaxy=\dimen177
\pgf@pathminx=\dimen178
\pgf@pathmaxx=\dimen179
\pgf@pathminy=\dimen180
\pgf@pathmaxy=\dimen181
\pgf@xx=\dimen182
\pgf@xy=\dimen183
\pgf@yx=\dimen184
\pgf@yy=\dimen185
\pgf@zx=\dimen186
\pgf@zy=\dimen187
)
(/usr/local/texlive/2022/texmf-dist/tex/generic/pgf/basiclayer/pgfcorepathconst
ruct.code.tex
File: pgfcorepathconstruct.code.tex 2021/05/15 v3.1.9a (3.1.9a)
\pgf@path@lastx=\dimen188
\pgf@path@lasty=\dimen189
)
(/usr/local/texlive/2022/texmf-dist/tex/generic/pgf/basiclayer/pgfcorepathusage
.code.tex
File: pgfcorepathusage.code.tex 2021/05/15 v3.1.9a (3.1.9a)
\pgf@shorten@end@additional=\dimen190
\pgf@shorten@start@additional=\dimen191
)
(/usr/local/texlive/2022/texmf-dist/tex/generic/pgf/basiclayer/pgfcorescopes.co
de.tex
File: pgfcorescopes.code.tex 2021/05/15 v3.1.9a (3.1.9a)
\pgfpic=\box55
\pgf@hbox=\box56
\pgf@layerbox@main=\box57
\pgf@picture@serial@count=\count287
)
(/usr/local/texlive/2022/texmf-dist/tex/generic/pgf/basiclayer/pgfcoregraphicst
ate.code.tex
File: pgfcoregraphicstate.code.tex 2021/05/15 v3.1.9a (3.1.9a)
\pgflinewidth=\dimen192
)
(/usr/local/texlive/2022/texmf-dist/tex/generic/pgf/basiclayer/pgfcoretransform
ations.code.tex
File: pgfcoretransformations.code.tex 2021/05/15 v3.1.9a (3.1.9a)
\pgf@pt@x=\dimen193
\pgf@pt@y=\dimen194
\pgf@pt@temp=\dimen195
)
(/usr/local/texlive/2022/texmf-dist/tex/generic/pgf/basiclayer/pgfcorequick.cod
e.tex
File: pgfcorequick.code.tex 2021/05/15 v3.1.9a (3.1.9a)
)
(/usr/local/texlive/2022/texmf-dist/tex/generic/pgf/basiclayer/pgfcoreobjects.c
ode.tex
File: pgfcoreobjects.code.tex 2021/05/15 v3.1.9a (3.1.9a)
)
(/usr/local/texlive/2022/texmf-dist/tex/generic/pgf/basiclayer/pgfcorepathproce
ssing.code.tex
File: pgfcorepathprocessing.code.tex 2021/05/15 v3.1.9a (3.1.9a)
)
(/usr/local/texlive/2022/texmf-dist/tex/generic/pgf/basiclayer/pgfcorearrows.co
de.tex
File: pgfcorearrows.code.tex 2021/05/15 v3.1.9a (3.1.9a)
\pgfarrowsep=\dimen196
)
(/usr/local/texlive/2022/texmf-dist/tex/generic/pgf/basiclayer/pgfcoreshade.cod
e.tex
File: pgfcoreshade.code.tex 2021/05/15 v3.1.9a (3.1.9a)
\pgf@max=\dimen197
\pgf@sys@shading@range@num=\count288
\pgf@shadingcount=\count289
)
(/usr/local/texlive/2022/texmf-dist/tex/generic/pgf/basiclayer/pgfcoreimage.cod
e.tex
File: pgfcoreimage.code.tex 2021/05/15 v3.1.9a (3.1.9a)

(/usr/local/texlive/2022/texmf-dist/tex/generic/pgf/basiclayer/pgfcoreexternal.
code.tex
File: pgfcoreexternal.code.tex 2021/05/15 v3.1.9a (3.1.9a)
\pgfexternal@startupbox=\box58
))
(/usr/local/texlive/2022/texmf-dist/tex/generic/pgf/basiclayer/pgfcorelayers.co
de.tex
File: pgfcorelayers.code.tex 2021/05/15 v3.1.9a (3.1.9a)
)
(/usr/local/texlive/2022/texmf-dist/tex/generic/pgf/basiclayer/pgfcoretranspare
ncy.code.tex
File: pgfcoretransparency.code.tex 2021/05/15 v3.1.9a (3.1.9a)
)
(/usr/local/texlive/2022/texmf-dist/tex/generic/pgf/basiclayer/pgfcorepatterns.
code.tex
File: pgfcorepatterns.code.tex 2021/05/15 v3.1.9a (3.1.9a)
)
(/usr/local/texlive/2022/texmf-dist/tex/generic/pgf/basiclayer/pgfcorerdf.code.
tex
File: pgfcorerdf.code.tex 2021/05/15 v3.1.9a (3.1.9a)
)))
(/usr/local/texlive/2022/texmf-dist/tex/generic/pgf/modules/pgfmoduleshapes.cod
e.tex
File: pgfmoduleshapes.code.tex 2021/05/15 v3.1.9a (3.1.9a)
\pgfnodeparttextbox=\box59
)
(/usr/local/texlive/2022/texmf-dist/tex/generic/pgf/modules/pgfmoduleplot.code.
tex
File: pgfmoduleplot.code.tex 2021/05/15 v3.1.9a (3.1.9a)
)
(/usr/local/texlive/2022/texmf-dist/tex/latex/pgf/compatibility/pgfcomp-version
-0-65.sty
Package: pgfcomp-version-0-65 2021/05/15 v3.1.9a (3.1.9a)
\pgf@nodesepstart=\dimen198
\pgf@nodesepend=\dimen199
)
(/usr/local/texlive/2022/texmf-dist/tex/latex/pgf/compatibility/pgfcomp-version
-1-18.sty
Package: pgfcomp-version-1-18 2021/05/15 v3.1.9a (3.1.9a)
))
(/usr/local/texlive/2022/texmf-dist/tex/latex/pgf/utilities/pgffor.sty
(/usr/local/texlive/2022/texmf-dist/tex/latex/pgf/utilities/pgfkeys.sty
(/usr/local/texlive/2022/texmf-dist/tex/generic/pgf/utilities/pgfkeys.code.tex)
) (/usr/local/texlive/2022/texmf-dist/tex/latex/pgf/math/pgfmath.sty
(/usr/local/texlive/2022/texmf-dist/tex/generic/pgf/math/pgfmath.code.tex))
(/usr/local/texlive/2022/texmf-dist/tex/generic/pgf/utilities/pgffor.code.tex
Package: pgffor 2021/05/15 v3.1.9a (3.1.9a)

(/usr/local/texlive/2022/texmf-dist/tex/generic/pgf/math/pgfmath.code.tex)
\pgffor@iter=\dimen256
\pgffor@skip=\dimen257
\pgffor@stack=\toks38
\pgffor@toks=\toks39
))
(/usr/local/texlive/2022/texmf-dist/tex/generic/pgf/frontendlayer/tikz/tikz.cod
e.tex
Package: tikz 2021/05/15 v3.1.9a (3.1.9a)

(/usr/local/texlive/2022/texmf-dist/tex/generic/pgf/libraries/pgflibraryplothan
dlers.code.tex
File: pgflibraryplothandlers.code.tex 2021/05/15 v3.1.9a (3.1.9a)
\pgf@plot@mark@count=\count290
\pgfplotmarksize=\dimen258
)
\tikz@lastx=\dimen259
\tikz@lasty=\dimen260
\tikz@lastxsaved=\dimen261
\tikz@lastysaved=\dimen262
\tikz@lastmovetox=\dimen263
\tikz@lastmovetoy=\dimen264
\tikzleveldistance=\dimen265
\tikzsiblingdistance=\dimen266
\tikz@figbox=\box60
\tikz@figbox@bg=\box61
\tikz@tempbox=\box62
\tikz@tempbox@bg=\box63
\tikztreelevel=\count291
\tikznumberofchildren=\count292
\tikznumberofcurrentchild=\count293
\tikz@fig@count=\count294

(/usr/local/texlive/2022/texmf-dist/tex/generic/pgf/modules/pgfmodulematrix.cod
e.tex
File: pgfmodulematrix.code.tex 2021/05/15 v3.1.9a (3.1.9a)
\pgfmatrixcurrentrow=\count295
\pgfmatrixcurrentcolumn=\count296
\pgf@matrix@numberofcolumns=\count297
)
\tikz@expandcount=\count298

(/usr/local/texlive/2022/texmf-dist/tex/generic/pgf/frontendlayer/tikz/librarie
s/tikzlibrarytopaths.code.tex
File: tikzlibrarytopaths.code.tex 2021/05/15 v3.1.9a (3.1.9a)
)))
(/usr/local/texlive/2022/texmf-dist/tex/latex/algorithm2e/algorithm2e.sty
Package: algorithm2e 2017/07/18 v5.2 algorithms environments
\c@AlgoLine=\count299
\algocf@hangindent=\skip55

(/usr/local/texlive/2022/texmf-dist/tex/latex/ifoddpage/ifoddpage.sty
Package: ifoddpage 2016/04/23 v1.1 Conditionals for odd/even page detection
\c@checkoddpage=\count300
)
(/usr/local/texlive/2022/texmf-dist/tex/latex/tools/xspace.sty
Package: xspace 2014/10/28 v1.13 Space after command names (DPC,MH)
)
(/usr/local/texlive/2022/texmf-dist/tex/latex/relsize/relsize.sty
Package: relsize 2013/03/29 ver 4.1
)
\skiptotal=\skip56
\skiplinenumber=\skip57
\skiprule=\skip58
\skiphlne=\skip59
\skiptext=\skip60
\skiplength=\skip61
\algomargin=\skip62
\skipalgocfslide=\skip63
\algowidth=\dimen267
\inoutsize=\dimen268
\inoutindent=\dimen269
\interspacetitleruled=\dimen270
\interspacealgoruled=\dimen271
\interspacetitleboxruled=\dimen272
\algocf@ruledwidth=\skip64
\algocf@inoutbox=\box64
\algocf@inputbox=\box65
\AlCapSkip=\skip65
\AlCapHSkip=\skip66
\algoskipindent=\skip67
\algocf@nlbox=\box66
\algocf@hangingbox=\box67
\algocf@untilbox=\box68
\algocf@skipuntil=\skip68
\algocf@capbox=\box69
\algocf@lcaptionbox=\skip69
\algoheightruledefault=\skip70
\algoheightrule=\skip71
\algotitleheightruledefault=\skip72
\algotitleheightrule=\skip73
\c@algocfline=\count301
\c@algocfproc=\count302
\c@algocf=\count303
\algocf@algoframe=\box70
\algocf@algobox=\box71
)
(/usr/local/texlive/2022/texmf-dist/tex/latex/todonotes/todonotes.sty
Package: todonotes 2021/06/04 v1.1.5 Todonotes source and documentation.
Package: todonotes 2021/06/04

(/usr/local/texlive/2022/texmf-dist/tex/latex/xkeyval/xkeyval.sty
Package: xkeyval 2020/11/20 v2.8 package option processing (HA)

(/usr/local/texlive/2022/texmf-dist/tex/generic/xkeyval/xkeyval.tex
(/usr/local/texlive/2022/texmf-dist/tex/generic/xkeyval/xkvutils.tex
\XKV@toks=\toks40
\XKV@tempa@toks=\toks41
)
\XKV@depth=\count304
File: xkeyval.tex 2014/12/03 v2.7a key=value parser (HA)
))
(/usr/local/texlive/2022/texmf-dist/tex/generic/pgf/frontendlayer/tikz/librarie
s/tikzlibrarypositioning.code.tex
File: tikzlibrarypositioning.code.tex 2021/05/15 v3.1.9a (3.1.9a)
)
(/usr/local/texlive/2022/texmf-dist/tex/latex/tools/calc.sty
Package: calc 2017/05/25 v4.3 Infix arithmetic (KKT,FJ)
\calc@Acount=\count305
\calc@Bcount=\count306
\calc@Adimen=\dimen273
\calc@Bdimen=\dimen274
\calc@Askip=\skip74
\calc@Bskip=\skip75
LaTeX Info: Redefining \setlength on input line 80.
LaTeX Info: Redefining \addtolength on input line 81.
\calc@Ccount=\count307
\calc@Cskip=\skip76
)
\c@@todonotes@numberoftodonotes=\count308
)
(/usr/local/texlive/2022/texmf-dist/tex/latex/natbib/natbib.sty
Package: natbib 2010/09/13 8.31b (PWD, AO)
\bibhang=\skip77
\bibsep=\skip78
LaTeX Info: Redefining \cite on input line 694.
\c@NAT@ctr=\count309
)
(/usr/local/texlive/2022/texmf-dist/tex/latex/lineno/lineno.sty
Package: lineno 2005/11/02 line numbers on paragraphs v4.41
\linenopenalty=\count310
\output=\toks42
\linenoprevgraf=\count311
\linenumbersep=\dimen275
\linenumberwidth=\dimen276
\c@linenumber=\count312
\c@pagewiselinenumber=\count313
\c@LN@truepage=\count314
\c@internallinenumber=\count315
\c@internallinenumbers=\count316
\quotelinenumbersep=\dimen277
\bframerule=\dimen278
\bframesep=\dimen279
\bframebox=\box72
LaTeX Info: Redefining \\ on input line 3056.
)
(/usr/local/texlive/2022/texmf-dist/tex/latex/blindtext/blindtext.sty
Package: blindtext 2012/01/06 V2.0 blindtext-Package
\c@blindtext=\count317
\c@Blindtext=\count318
\c@blind@countparstart=\count319
\blind@countxx=\count320
\blindtext@numBlindtext=\count321
\blind@countyy=\count322
\c@blindlist=\count323
\c@blindlistlevel=\count324
\c@blindlist@level=\count325
\blind@listitem=\count326
\c@blind@listcount=\count327
\c@blind@levelcount=\count328
\blind@mathformula=\count329
\blind@Mathformula=\count330
\c@blind@randomcount=\count331
\c@blind@randommax=\count332
\c@blind@pangramcount=\count333
\c@blind@pangrammax=\count334
)
(/usr/local/texlive/2022/texmf-dist/tex/latex/adjustbox/adjustbox.sty
Package: adjustbox 2020/08/19 v1.3 Adjusting TeX boxes (trim, clip, ...)

(/usr/local/texlive/2022/texmf-dist/tex/latex/adjustbox/adjcalc.sty
Package: adjcalc 2012/05/16 v1.1 Provides advanced setlength with multiple back
-ends (calc, etex, pgfmath)
)
(/usr/local/texlive/2022/texmf-dist/tex/latex/adjustbox/trimclip.sty
Package: trimclip 2020/08/19 v1.2 Trim and clip general TeX material

(/usr/local/texlive/2022/texmf-dist/tex/latex/collectbox/collectbox.sty
Package: collectbox 2012/05/17 v0.4b Collect macro arguments as boxes
\collectedbox=\box73
)
\tc@llx=\dimen280
\tc@lly=\dimen281
\tc@urx=\dimen282
\tc@ury=\dimen283
Package trimclip Info: Using driver 'tc-pdftex.def'.

(/usr/local/texlive/2022/texmf-dist/tex/latex/adjustbox/tc-pdftex.def
File: tc-pdftex.def 2019/01/04 v2.2 Clipping driver for pdftex
))
\adjbox@Width=\dimen284
\adjbox@Height=\dimen285
\adjbox@Depth=\dimen286
\adjbox@Totalheight=\dimen287
\adjbox@pwidth=\dimen288
\adjbox@pheight=\dimen289
\adjbox@pdepth=\dimen290
\adjbox@ptotalheight=\dimen291

(/usr/local/texlive/2022/texmf-dist/tex/latex/varwidth/varwidth.sty
Package: varwidth 2009/03/30 ver 0.92;  Variable-width minipages
\@vwid@box=\box74
\sift@deathcycles=\count335
\@vwid@loff=\dimen292
\@vwid@roff=\dimen293
))
(/usr/local/texlive/2022/texmf-dist/tex/latex/l3backend/l3backend-pdftex.def
File: l3backend-pdftex.def 2022-02-07 L3 backend support: PDF output (pdfTeX)
\l__color_backend_stack_int=\count336
\l__pdf_internal_box=\box75
)
(./Figures.aux

LaTeX Warning: Label `fig:2druntime' multiply defined.


LaTeX Warning: Label `fig:2druntime' multiply defined.


LaTeX Warning: Label `fig:2druntime' multiply defined.

)
\openout1 = `Figures.aux'.

LaTeX Font Info:    Checking defaults for OML/cmm/m/it on input line 25.
LaTeX Font Info:    ... okay on input line 25.
LaTeX Font Info:    Checking defaults for OMS/cmsy/m/n on input line 25.
LaTeX Font Info:    ... okay on input line 25.
LaTeX Font Info:    Checking defaults for OT1/cmr/m/n on input line 25.
LaTeX Font Info:    ... okay on input line 25.
LaTeX Font Info:    Checking defaults for T1/cmr/m/n on input line 25.
LaTeX Font Info:    ... okay on input line 25.
LaTeX Font Info:    Checking defaults for TS1/cmr/m/n on input line 25.
LaTeX Font Info:    ... okay on input line 25.
LaTeX Font Info:    Checking defaults for OMX/cmex/m/n on input line 25.
LaTeX Font Info:    ... okay on input line 25.
LaTeX Font Info:    Checking defaults for U/cmr/m/n on input line 25.
LaTeX Font Info:    ... okay on input line 25.
 (/usr/local/texlive/2022/texmf-dist/tex/context/base/mkii/supp-pdf.mkii
[Loading MPS to PDF converter (version 2006.09.02).]
\scratchcounter=\count337
\scratchdimen=\dimen294
\scratchbox=\box76
\nofMPsegments=\count338
\nofMParguments=\count339
\everyMPshowfont=\toks43
\MPscratchCnt=\count340
\MPscratchDim=\dimen295
\MPnumerator=\count341
\makeMPintoPDFobject=\count342
\everyMPtoPDFconversion=\toks44
) (/usr/local/texlive/2022/texmf-dist/tex/latex/epstopdf-pkg/epstopdf-base.sty
Package: epstopdf-base 2020-01-24 v2.11 Base part for package epstopdf
Package epstopdf-base Info: Redefining graphics rule for `.eps' on input line 4
85.

(/usr/local/texlive/2022/texmf-dist/tex/latex/latexconfig/epstopdf-sys.cfg
File: epstopdf-sys.cfg 2010/07/13 v1.3 Configuration of (r)epstopdf for TeX Liv
e
))
Package caption Info: Begin \AtBeginDocument code.
Package caption Info: rotating package is loaded.
Package caption Info: End \AtBeginDocument code.


Package todonotes Warning: The length marginparwidth is less than 2cm and will 
most likely cause issues with the appearance of inserted todonotes. The issue c
an be solved by adding a line like \setlength {\marginparwidth }{2cm} prior to 
loading the todonotes package. on input line 25.

LaTeX Font Info:    Trying to load font information for U+msa on input line 38.

(/usr/local/texlive/2022/texmf-dist/tex/latex/amsfonts/umsa.fd
File: umsa.fd 2013/01/14 v3.01 AMS symbols A
)
LaTeX Font Info:    Trying to load font information for U+msb on input line 38.


(/usr/local/texlive/2022/texmf-dist/tex/latex/amsfonts/umsb.fd
File: umsb.fd 2013/01/14 v3.01 AMS symbols B
)
<Figs/Snapshots/EllipticGrowingConvergence/snapshot0.png, id=4, 1465.475pt x 14
65.475pt>
File: Figs/Snapshots/EllipticGrowingConvergence/snapshot0.png Graphic file (typ
e png)
<use Figs/Snapshots/EllipticGrowingConvergence/snapshot0.png>
Package pdftex.def Info: Figs/Snapshots/EllipticGrowingConvergence/snapshot0.pn
g  used on input line 45.
(pdftex.def)             Requested size: 1465.47144pt x 1465.47144pt.
<Figs/Snapshots/EllipticGrowingConvergence/snapshot50.png, id=5, 1465.475pt x 1
465.475pt>
File: Figs/Snapshots/EllipticGrowingConvergence/snapshot50.png Graphic file (ty
pe png)
<use Figs/Snapshots/EllipticGrowingConvergence/snapshot50.png>
Package pdftex.def Info: Figs/Snapshots/EllipticGrowingConvergence/snapshot50.p
ng  used on input line 46.
(pdftex.def)             Requested size: 1465.47144pt x 1465.47144pt.
<Figs/Snapshots/EllipticGrowingConvergence/snapshot100.png, id=6, 1465.475pt x 
1465.475pt>
File: Figs/Snapshots/EllipticGrowingConvergence/snapshot100.png Graphic file (t
ype png)
<use Figs/Snapshots/EllipticGrowingConvergence/snapshot100.png>
Package pdftex.def Info: Figs/Snapshots/EllipticGrowingConvergence/snapshot100.
png  used on input line 47.
(pdftex.def)             Requested size: 1465.47144pt x 1465.47144pt.
File: Figs/Snapshots/EllipticGrowingConvergence/snapshot0.png Graphic file (typ
e png)
<use Figs/Snapshots/EllipticGrowingConvergence/snapshot0.png>
Package pdftex.def Info: Figs/Snapshots/EllipticGrowingConvergence/snapshot0.pn
g  used on input line 57.
(pdftex.def)             Requested size: 1465.47144pt x 1465.47144pt.
File: Figs/Snapshots/EllipticGrowingConvergence/snapshot50.png Graphic file (ty
pe png)
<use Figs/Snapshots/EllipticGrowingConvergence/snapshot50.png>
Package pdftex.def Info: Figs/Snapshots/EllipticGrowingConvergence/snapshot50.p
ng  used on input line 58.
(pdftex.def)             Requested size: 1465.47144pt x 1465.47144pt.
File: Figs/Snapshots/EllipticGrowingConvergence/snapshot100.png Graphic file (t
ype png)
<use Figs/Snapshots/EllipticGrowingConvergence/snapshot100.png>
Package pdftex.def Info: Figs/Snapshots/EllipticGrowingConvergence/snapshot100.
png  used on input line 59.
(pdftex.def)             Requested size: 1465.47144pt x 1465.47144pt.
File: Figs/Snapshots/EllipticGrowingConvergence/snapshot0.png Graphic file (typ
e png)
<use Figs/Snapshots/EllipticGrowingConvergence/snapshot0.png>
Package pdftex.def Info: Figs/Snapshots/EllipticGrowingConvergence/snapshot0.pn
g  used on input line 69.
(pdftex.def)             Requested size: 1465.47144pt x 1465.47144pt.
File: Figs/Snapshots/EllipticGrowingConvergence/snapshot50.png Graphic file (ty
pe png)
<use Figs/Snapshots/EllipticGrowingConvergence/snapshot50.png>
Package pdftex.def Info: Figs/Snapshots/EllipticGrowingConvergence/snapshot50.p
ng  used on input line 70.
(pdftex.def)             Requested size: 1465.47144pt x 1465.47144pt.
File: Figs/Snapshots/EllipticGrowingConvergence/snapshot100.png Graphic file (t
ype png)
<use Figs/Snapshots/EllipticGrowingConvergence/snapshot100.png>
Package pdftex.def Info: Figs/Snapshots/EllipticGrowingConvergence/snapshot100.
png  used on input line 71.
(pdftex.def)             Requested size: 1465.47144pt x 1465.47144pt.
File: Figs/Snapshots/EllipticGrowingConvergence/snapshot0.png Graphic file (typ
e png)
<use Figs/Snapshots/EllipticGrowingConvergence/snapshot0.png>
Package pdftex.def Info: Figs/Snapshots/EllipticGrowingConvergence/snapshot0.pn
g  used on input line 81.
(pdftex.def)             Requested size: 1465.47144pt x 1465.47144pt.
File: Figs/Snapshots/EllipticGrowingConvergence/snapshot50.png Graphic file (ty
pe png)
<use Figs/Snapshots/EllipticGrowingConvergence/snapshot50.png>
Package pdftex.def Info: Figs/Snapshots/EllipticGrowingConvergence/snapshot50.p
ng  used on input line 82.
(pdftex.def)             Requested size: 1465.47144pt x 1465.47144pt.
File: Figs/Snapshots/EllipticGrowingConvergence/snapshot100.png Graphic file (t
ype png)
<use Figs/Snapshots/EllipticGrowingConvergence/snapshot100.png>
Package pdftex.def Info: Figs/Snapshots/EllipticGrowingConvergence/snapshot100.
png  used on input line 83.
(pdftex.def)             Requested size: 1465.47144pt x 1465.47144pt.


LaTeX Warning: Float too large for page by 7.67227pt on input line 93.

<Figs/Snapshots/EllipticGrowingConvergence/snapshotFine0.png, id=7, 1465.475pt 
x 1465.475pt>
File: Figs/Snapshots/EllipticGrowingConvergence/snapshotFine0.png Graphic file 
(type png)
<use Figs/Snapshots/EllipticGrowingConvergence/snapshotFine0.png>
Package pdftex.def Info: Figs/Snapshots/EllipticGrowingConvergence/snapshotFine
0.png  used on input line 108.
(pdftex.def)             Requested size: 1465.47144pt x 1465.47144pt.
<Figs/Snapshots/EllipticGrowingConvergence/snapshotFine50.png, id=8, 1465.475pt
 x 1465.475pt>
File: Figs/Snapshots/EllipticGrowingConvergence/snapshotFine50.png Graphic file
 (type png)
<use Figs/Snapshots/EllipticGrowingConvergence/snapshotFine50.png>
Package pdftex.def Info: Figs/Snapshots/EllipticGrowingConvergence/snapshotFine
50.png  used on input line 109.
(pdftex.def)             Requested size: 1465.47144pt x 1465.47144pt.
<Figs/Snapshots/EllipticGrowingConvergence/snapshotFine100.png, id=9, 1465.475p
t x 1465.475pt>
File: Figs/Snapshots/EllipticGrowingConvergence/snapshotFine100.png Graphic fil
e (type png)
<use Figs/Snapshots/EllipticGrowingConvergence/snapshotFine100.png>
Package pdftex.def Info: Figs/Snapshots/EllipticGrowingConvergence/snapshotFine
100.png  used on input line 110.
(pdftex.def)             Requested size: 1465.47144pt x 1465.47144pt.
File: Figs/Snapshots/EllipticGrowingConvergence/snapshotFine0.png Graphic file 
(type png)
<use Figs/Snapshots/EllipticGrowingConvergence/snapshotFine0.png>
Package pdftex.def Info: Figs/Snapshots/EllipticGrowingConvergence/snapshotFine
0.png  used on input line 120.
(pdftex.def)             Requested size: 1465.47144pt x 1465.47144pt.
File: Figs/Snapshots/EllipticGrowingConvergence/snapshotFine50.png Graphic file
 (type png)
<use Figs/Snapshots/EllipticGrowingConvergence/snapshotFine50.png>
Package pdftex.def Info: Figs/Snapshots/EllipticGrowingConvergence/snapshotFine
50.png  used on input line 121.
(pdftex.def)             Requested size: 1465.47144pt x 1465.47144pt.
File: Figs/Snapshots/EllipticGrowingConvergence/snapshotFine100.png Graphic fil
e (type png)
<use Figs/Snapshots/EllipticGrowingConvergence/snapshotFine100.png>
Package pdftex.def Info: Figs/Snapshots/EllipticGrowingConvergence/snapshotFine
100.png  used on input line 122.
(pdftex.def)             Requested size: 1465.47144pt x 1465.47144pt.
<Figs/Snapshots/MeshBcExample.png, id=10, 2019.545pt x 1614.03pt>
File: Figs/Snapshots/MeshBcExample.png Graphic file (type png)
<use Figs/Snapshots/MeshBcExample.png>
Package pdftex.def Info: Figs/Snapshots/MeshBcExample.png  used on input line 1
35.
(pdftex.def)             Requested size: 2019.54008pt x 1614.02608pt.
<Figs/Snapshots/TissueBcExample.png, id=11, 2019.545pt x 1614.03pt>
File: Figs/Snapshots/TissueBcExample.png Graphic file (type png)
<use Figs/Snapshots/TissueBcExample.png>
Package pdftex.def Info: Figs/Snapshots/TissueBcExample.png  used on input line
 136.
(pdftex.def)             Requested size: 2019.54008pt x 1614.02608pt.
<Figs/CellNumBox_EllipticConvergenceGrowingTissueBoxDomainBoxBcVolumeScaledAver
agedPde.png, id=12, 199.2243pt x 142.3719pt>
File: Figs/CellNumBox_EllipticConvergenceGrowingTissueBoxDomainBoxBcVolumeScale
dAveragedPde.png Graphic file (type png)
<use Figs/CellNumBox_EllipticConvergenceGrowingTissueBoxDomainBoxBcVolumeScaled
AveragedPde.png>
Package pdftex.def Info: Figs/CellNumBox_EllipticConvergenceGrowingTissueBoxDom
ainBoxBcVolumeScaledAveragedPde.png  used on input line 163.
(pdftex.def)             Requested size: 156.49014pt x 111.83386pt.
<Figs/ProlifCellNumBox_EllipticConvergenceGrowingTissueBoxDomainBoxBcVolumeScal
edAveragedPde.png, id=14, 199.2243pt x 142.3719pt>
File: Figs/ProlifCellNumBox_EllipticConvergenceGrowingTissueBoxDomainBoxBcVolum
eScaledAveragedPde.png Graphic file (type png)
<use Figs/ProlifCellNumBox_EllipticConvergenceGrowingTissueBoxDomainBoxBcVolume
ScaledAveragedPde.png>
Package pdftex.def Info: Figs/ProlifCellNumBox_EllipticConvergenceGrowingTissue
BoxDomainBoxBcVolumeScaledAveragedPde.png  used on input line 169.
(pdftex.def)             Requested size: 156.49014pt x 111.83386pt.
<Figs/CellNumBox_EllipticConvergenceGrowingTissueBoxDomainTissueBcVolumeScaledA
veragedPde.png, id=16, 199.2243pt x 142.3719pt>
File: Figs/CellNumBox_EllipticConvergenceGrowingTissueBoxDomainTissueBcVolumeSc
aledAveragedPde.png Graphic file (type png)
<use Figs/CellNumBox_EllipticConvergenceGrowingTissueBoxDomainTissueBcVolumeSca
ledAveragedPde.png>
Package pdftex.def Info: Figs/CellNumBox_EllipticConvergenceGrowingTissueBoxDom
ainTissueBcVolumeScaledAveragedPde.png  used on input line 182.
(pdftex.def)             Requested size: 156.49014pt x 111.83386pt.
<Figs/ProlifCellNumBox_EllipticConvergenceGrowingTissueBoxDomainTissueBcVolumeS
caledAveragedPde.png, id=18, 199.2243pt x 142.3719pt>
File: Figs/ProlifCellNumBox_EllipticConvergenceGrowingTissueBoxDomainTissueBcVo
lumeScaledAveragedPde.png Graphic file (type png)
<use Figs/ProlifCellNumBox_EllipticConvergenceGrowingTissueBoxDomainTissueBcVol
umeScaledAveragedPde.png>
Package pdftex.def Info: Figs/ProlifCellNumBox_EllipticConvergenceGrowingTissue
BoxDomainTissueBcVolumeScaledAveragedPde.png  used on input line 188.
(pdftex.def)             Requested size: 156.49014pt x 111.83386pt.
<Figs/CellNumBox_EllipticConvergenceGrowingTissueBoxDomainMeshBcVolumeScaledAve
ragedPde.png, id=20, 199.2243pt x 142.3719pt>
File: Figs/CellNumBox_EllipticConvergenceGrowingTissueBoxDomainMeshBcVolumeScal
edAveragedPde.png Graphic file (type png)
<use Figs/CellNumBox_EllipticConvergenceGrowingTissueBoxDomainMeshBcVolumeScale
dAveragedPde.png>
Package pdftex.def Info: Figs/CellNumBox_EllipticConvergenceGrowingTissueBoxDom
ainMeshBcVolumeScaledAveragedPde.png  used on input line 201.
(pdftex.def)             Requested size: 156.49014pt x 111.83386pt.
<Figs/ProlifCellNumBox_EllipticConvergenceGrowingTissueBoxDomainMeshBcVolumeSca
ledAveragedPde.png, id=22, 199.2243pt x 142.3719pt>
File: Figs/ProlifCellNumBox_EllipticConvergenceGrowingTissueBoxDomainMeshBcVolu
meScaledAveragedPde.png Graphic file (type png)
<use Figs/ProlifCellNumBox_EllipticConvergenceGrowingTissueBoxDomainMeshBcVolum
eScaledAveragedPde.png>
Package pdftex.def Info: Figs/ProlifCellNumBox_EllipticConvergenceGrowingTissue
BoxDomainMeshBcVolumeScaledAveragedPde.png  used on input line 207.
(pdftex.def)             Requested size: 156.49014pt x 111.83386pt.
<Figs/Boundary_EllipticConvergenceGrowingTissueBoxDomainBoxBcVolumeScaledAverag
edPde.png, id=24, 199.2243pt x 142.3719pt>
File: Figs/Boundary_EllipticConvergenceGrowingTissueBoxDomainBoxBcVolumeScaledA
veragedPde.png Graphic file (type png)
<use Figs/Boundary_EllipticConvergenceGrowingTissueBoxDomainBoxBcVolumeScaledAv
eragedPde.png>
Package pdftex.def Info: Figs/Boundary_EllipticConvergenceGrowingTissueBoxDomai
nBoxBcVolumeScaledAveragedPde.png  used on input line 248.
(pdftex.def)             Requested size: 284.52756pt x 203.33607pt.
<Figs/BoundingSphereRatioBox_EllipticConvergenceGrowingTissueBoxDomainBoxBcVolu
meScaledAveragedPde.png, id=26, 199.2243pt x 142.3719pt>
File: Figs/BoundingSphereRatioBox_EllipticConvergenceGrowingTissueBoxDomainBoxB
cVolumeScaledAveragedPde.png Graphic file (type png)
<use Figs/BoundingSphereRatioBox_EllipticConvergenceGrowingTissueBoxDomainBoxBc
VolumeScaledAveragedPde.png>
Package pdftex.def Info: Figs/BoundingSphereRatioBox_EllipticConvergenceGrowing
TissueBoxDomainBoxBcVolumeScaledAveragedPde.png  used on input line 257.
(pdftex.def)             Requested size: 156.49014pt x 111.83386pt.
<Figs/BoundingSphereBox_EllipticConvergenceGrowingTissueBoxDomainBoxBcVolumeSca
ledAveragedPde.png, id=28, 199.2243pt x 142.3719pt>
File: Figs/BoundingSphereBox_EllipticConvergenceGrowingTissueBoxDomainBoxBcVolu
meScaledAveragedPde.png Graphic file (type png)
<use Figs/BoundingSphereBox_EllipticConvergenceGrowingTissueBoxDomainBoxBcVolum
eScaledAveragedPde.png>
Package pdftex.def Info: Figs/BoundingSphereBox_EllipticConvergenceGrowingTissu
eBoxDomainBoxBcVolumeScaledAveragedPde.png  used on input line 263.
(pdftex.def)             Requested size: 156.49014pt x 111.83386pt.
[1
Non-PDF special ignored!
<special> header=psfrag.pro
{/usr/local/texlive/2022/texmf-var/fonts/map/pdftex/updmap/pdftex.map} <./Figs/
Snapshots/EllipticGrowingConvergence/snapshot0.png> <./Figs/Snapshots/EllipticG
rowingConvergence/snapshot50.png> <./Figs/Snapshots/EllipticGrowingConvergence/
snapshot100.png>] [2 <./Figs/Snapshots/EllipticGrowingConvergence/snapshotFine0
.png> <./Figs/Snapshots/EllipticGrowingConvergence/snapshotFine50.png> <./Figs/
Snapshots/EllipticGrowingConvergence/snapshotFine100.png> <./Figs/Snapshots/Mes
hBcExample.png (PNG copy)> <./Figs/Snapshots/TissueBcExample.png (PNG copy)>]
[3 <./Figs/CellNumBox_EllipticConvergenceGrowingTissueBoxDomainBoxBcVolumeScale
dAveragedPde.png (PNG copy)> <./Figs/ProlifCellNumBox_EllipticConvergenceGrowin
gTissueBoxDomainBoxBcVolumeScaledAveragedPde.png (PNG copy)> <./Figs/CellNumBox
_EllipticConvergenceGrowingTissueBoxDomainTissueBcVolumeScaledAveragedPde.png (
PNG copy)> <./Figs/ProlifCellNumBox_EllipticConvergenceGrowingTissueBoxDomainTi
ssueBcVolumeScaledAveragedPde.png (PNG copy)> <./Figs/CellNumBox_EllipticConver
genceGrowingTissueBoxDomainMeshBcVolumeScaledAveragedPde.png (PNG copy)> <./Fig
s/ProlifCellNumBox_EllipticConvergenceGrowingTissueBoxDomainMeshBcVolumeScaledA
veragedPde.png (PNG copy)>] [4 <./Figs/Boundary_EllipticConvergenceGrowingTissu
eBoxDomainBoxBcVolumeScaledAveragedPde.png (PNG copy)> <./Figs/BoundingSphereRa
tioBox_EllipticConvergenceGrowingTissueBoxDomainBoxBcVolumeScaledAveragedPde.pn
g (PNG copy)> <./Figs/BoundingSphereBox_EllipticConvergenceGrowingTissueBoxDoma
inBoxBcVolumeScaledAveragedPde.png (PNG copy)>] (./Figures.aux)

LaTeX Warning: There were multiply-defined labels.

 ) 
Here is how much of TeX's memory you used:
 18345 strings out of 478268
 371046 string characters out of 5846348
 634147 words of memory out of 5000000
 36219 multiletter control sequences out of 15000+600000
 474524 words of font info for 48 fonts, out of 8000000 for 9000
 1141 hyphenation exceptions out of 8191
 84i,12n,80p,412b,851s stack positions out of 10000i,1000n,20000p,200000b,200000s
</usr/local/texlive/2022/texmf-dist/fonts/type1/public/amsfonts/cm/cmbx12.pfb
></usr/local/texlive/2022/texmf-dist/fonts/type1/public/amsfonts/cm/cmmi12.pfb>
</usr/local/texlive/2022/texmf-dist/fonts/type1/public/amsfonts/cm/cmr12.pfb>
Output written on Figures.pdf (4 pages, 9554933 bytes).
PDF statistics:
 70 PDF objects out of 1000 (max. 8388607)
 31 compressed objects within 1 object stream
 0 named destinations out of 1000 (max. 500000)
 152 words of extra memory for PDF output out of 10000 (max. 10000000)

